Apr 20, 2026 8:46:10 PM iuh.fit.se.group1.config.AppLogger error
SEVERE: Error saving Employee:  - Implicit conversion from data type nvarchar to varbinary is not allowed. Use the CONVERT function to run this query.
Apr 20, 2026 8:48:14 PM iuh.fit.se.group1.config.AppLogger error
SEVERE: Error saving Employee:  - Implicit conversion from data type nvarchar to varbinary is not allowed. Use the CONVERT function to run this query.
Apr 20, 2026 8:52:54 PM iuh.fit.se.group1.config.AppLogger error
SEVERE: Error saving Employee:  - Implicit conversion from data type nvarchar to varbinary is not allowed. Use the CONVERT function to run this query.
Apr 20, 2026 8:56:01 PM iuh.fit.se.group1.config.AppLogger error
SEVERE: Error saving Employee:  - Implicit conversion from data type nvarchar to varbinary(max) is not allowed. Use the CONVERT function to run this query.
Apr 20, 2026 8:57:42 PM iuh.fit.se.group1.config.AppLogger error
SEVERE: Error saving Employee:  - String or binary data would be truncated in table 'daotien_hotel_jpa.dbo.Employee', column 'fullName'. Truncated value: 'Q'.
Apr 20, 2026 9:01:24 PM iuh.fit.se.group1.config.AppLogger info
INFO: Registered DejaVu Sans Regular font
Apr 20, 2026 9:01:24 PM iuh.fit.se.group1.config.AppLogger info
INFO: Registered DejaVu Sans Bold font
Apr 20, 2026 9:03:33 PM iuh.fit.se.group1.config.AppLogger info
INFO: Registered DejaVu Sans Regular font
Apr 20, 2026 9:03:33 PM iuh.fit.se.group1.config.AppLogger info
INFO: Registered DejaVu Sans Bold font
Apr 20, 2026 9:06:28 PM iuh.fit.se.group1.config.AppLogger info
INFO: Registered DejaVu Sans Regular font
Apr 20, 2026 9:06:28 PM iuh.fit.se.group1.config.AppLogger info
INFO: Registered DejaVu Sans Bold font
Apr 20, 2026 9:09:33 PM iuh.fit.se.group1.config.AppLogger info
INFO: Registered DejaVu Sans Regular font
Apr 20, 2026 9:09:33 PM iuh.fit.se.group1.config.AppLogger info
INFO: Registered DejaVu Sans Bold font
Apr 20, 2026 9:17:04 PM iuh.fit.se.group1.config.AppLogger info
INFO: Registered DejaVu Sans Regular font
Apr 20, 2026 9:17:04 PM iuh.fit.se.group1.config.AppLogger info
INFO: Registered DejaVu Sans Bold font
Apr 20, 2026 9:18:20 PM iuh.fit.se.group1.config.AppLogger info
INFO: Registered DejaVu Sans Regular font
Apr 20, 2026 9:18:20 PM iuh.fit.se.group1.config.AppLogger info
INFO: Registered DejaVu Sans Bold font
Apr 20, 2026 9:19:37 PM iuh.fit.se.group1.config.AppLogger info
INFO: Registered DejaVu Sans Regular font
Apr 20, 2026 9:19:37 PM iuh.fit.se.group1.config.AppLogger info
INFO: Registered DejaVu Sans Bold font
Apr 20, 2026 9:20:43 PM iuh.fit.se.group1.config.AppLogger info
INFO: Registered DejaVu Sans Regular font
Apr 20, 2026 9:20:43 PM iuh.fit.se.group1.config.AppLogger info
INFO: Registered DejaVu Sans Bold font
Apr 20, 2026 9:23:04 PM iuh.fit.se.group1.config.AppLogger info
INFO: Registered DejaVu Sans Regular font
Apr 20, 2026 9:23:04 PM iuh.fit.se.group1.config.AppLogger info
INFO: Registered DejaVu Sans Bold font
Apr 20, 2026 9:24:09 PM iuh.fit.se.group1.config.AppLogger error
SEVERE: Error saving Employee:  - Implicit conversion from data type nvarchar(max) to varbinary(max) is not allowed. Use the CONVERT function to run this query.
Apr 20, 2026 9:25:22 PM iuh.fit.se.group1.config.AppLogger error
SEVERE: Error saving Employee:  - Implicit conversion from data type nvarchar(max) to varbinary(max) is not allowed. Use the CONVERT function to run this query.
Apr 20, 2026 9:26:22 PM iuh.fit.se.group1.config.AppLogger error
SEVERE: Error saving Employee:  - The index 9 is out of range.
Apr 20, 2026 9:26:39 PM iuh.fit.se.group1.config.AppLogger error
SEVERE: Error saving Employee:  - The index 9 is out of range.
Apr 20, 2026 9:28:32 PM iuh.fit.se.group1.config.AppLogger info
INFO: Registered DejaVu Sans Regular font
Apr 20, 2026 9:28:32 PM iuh.fit.se.group1.config.AppLogger info
INFO: Registered DejaVu Sans Bold font
Apr 20, 2026 9:31:41 PM iuh.fit.se.group1.config.AppLogger info
INFO: Registered DejaVu Sans Regular font
Apr 20, 2026 9:31:41 PM iuh.fit.se.group1.config.AppLogger info
INFO: Registered DejaVu Sans Bold font
Apr 20, 2026 9:36:24 PM iuh.fit.se.group1.config.AppLogger info
INFO: Attempting login - Username: '{}'
Apr 20, 2026 9:38:42 PM iuh.fit.se.group1.config.AppLogger info
INFO: Attempting login - Username: '{}'
Apr 20, 2026 9:38:52 PM iuh.fit.se.group1.config.AppLogger info
INFO: Attempting login - Username: '{}'
Apr 20, 2026 9:38:52 PM iuh.fit.se.group1.config.AppLogger info
INFO: LOGIN SUCCESS: '{}'
Apr 20, 2026 9:38:52 PM iuh.fit.se.group1.config.AppLogger info
INFO: Registered DejaVu Sans Regular font
Apr 20, 2026 9:38:52 PM iuh.fit.se.group1.config.AppLogger info
INFO: Registered DejaVu Sans Bold font
Apr 20, 2026 9:41:02 PM iuh.fit.se.group1.config.AppLogger info
INFO: Attempting login - Username: '{}'
Apr 20, 2026 9:41:04 PM iuh.fit.se.group1.config.AppLogger info
INFO: Attempting login - Username: '{}'
Apr 20, 2026 9:41:08 PM iuh.fit.se.group1.config.AppLogger info
INFO: Attempting login - Username: '{}'
Apr 20, 2026 9:41:08 PM iuh.fit.se.group1.config.AppLogger info
INFO: LOGIN SUCCESS: '{}'
Apr 20, 2026 9:41:08 PM iuh.fit.se.group1.config.AppLogger info
INFO: Registered DejaVu Sans Regular font
Apr 20, 2026 9:41:08 PM iuh.fit.se.group1.config.AppLogger info
INFO: Registered DejaVu Sans Bold font
Apr 20, 2026 10:02:02 PM iuh.fit.se.group1.config.AppLogger info
INFO: Attempting login - Username: '{}'
Apr 20, 2026 10:02:03 PM iuh.fit.se.group1.config.AppLogger info
INFO: LOGIN SUCCESS: '{}'
Apr 20, 2026 10:02:59 PM iuh.fit.se.group1.config.AppLogger info
INFO: Attempting login - Username: '{}'
Apr 20, 2026 10:03:00 PM iuh.fit.se.group1.config.AppLogger info
INFO: LOGIN SUCCESS: '{}'
Apr 20, 2026 10:03:00 PM iuh.fit.se.group1.config.AppLogger info
INFO: Registered DejaVu Sans Regular font
Apr 20, 2026 10:03:00 PM iuh.fit.se.group1.config.AppLogger info
INFO: Registered DejaVu Sans Bold font
Apr 20, 2026 10:03:12 PM iuh.fit.se.group1.config.AppLogger info
INFO: Attempting login - Username: '{}'
Apr 20, 2026 10:03:12 PM iuh.fit.se.group1.config.AppLogger info
INFO: LOGIN SUCCESS: '{}'
Apr 20, 2026 10:36:29 PM iuh.fit.se.group1.config.AppLogger info
INFO: Attempting login - Username: '{}'
Apr 20, 2026 10:36:29 PM iuh.fit.se.group1.config.AppLogger info
INFO: LOGIN SUCCESS: '{}'
Apr 20, 2026 10:36:30 PM iuh.fit.se.group1.config.AppLogger info
INFO: Registered DejaVu Sans Regular font
Apr 20, 2026 10:36:30 PM iuh.fit.se.group1.config.AppLogger info
INFO: Registered DejaVu Sans Bold font
Apr 21, 2026 4:59:46 PM iuh.fit.se.group1.config.AppLogger info
INFO: Attempting login - Username: '{}'
Apr 21, 2026 4:59:46 PM iuh.fit.se.group1.config.AppLogger info
INFO: LOGIN SUCCESS: '{}'
Apr 21, 2026 4:59:47 PM iuh.fit.se.group1.config.AppLogger info
INFO: Registered DejaVu Sans Regular font
Apr 21, 2026 4:59:47 PM iuh.fit.se.group1.config.AppLogger info
INFO: Registered DejaVu Sans Bold font
Apr 21, 2026 8:44:37 PM iuh.fit.se.group1.config.AppLogger info
INFO: Attempting login - Username: '{}'
Apr 21, 2026 8:44:37 PM iuh.fit.se.group1.config.AppLogger info
INFO: LOGIN SUCCESS: '{}'
Apr 21, 2026 8:44:38 PM iuh.fit.se.group1.config.AppLogger info
INFO: Registered DejaVu Sans Regular font
Apr 21, 2026 8:44:38 PM iuh.fit.se.group1.config.AppLogger info
INFO: Registered DejaVu Sans Bold font
Apr 21, 2026 9:22:24 PM iuh.fit.se.group1.config.AppLogger info
INFO: Attempting login - Username: '{}'
Apr 21, 2026 9:22:24 PM iuh.fit.se.group1.config.AppLogger info
INFO: LOGIN SUCCESS: '{}'
Apr 21, 2026 9:22:25 PM iuh.fit.se.group1.config.AppLogger info
INFO: Registered DejaVu Sans Regular font
Apr 21, 2026 9:22:25 PM iuh.fit.se.group1.config.AppLogger info
INFO: Registered DejaVu Sans Bold font
Apr 21, 2026 9:34:46 PM iuh.fit.se.group1.config.AppLogger info
INFO: Attempting login - Username: '{}'
Apr 21, 2026 9:34:46 PM iuh.fit.se.group1.config.AppLogger info
INFO: LOGIN SUCCESS: '{}'
Apr 21, 2026 9:34:47 PM iuh.fit.se.group1.config.AppLogger info
INFO: Registered DejaVu Sans Regular font
Apr 21, 2026 9:34:47 PM iuh.fit.se.group1.config.AppLogger info
INFO: Registered DejaVu Sans Bold font
Apr 21, 2026 10:04:08 PM iuh.fit.se.group1.config.AppLogger info
INFO: Attempting login - Username: '{}'
Apr 21, 2026 10:04:08 PM iuh.fit.se.group1.config.AppLogger info
INFO: LOGIN SUCCESS: '{}'
Apr 21, 2026 10:04:09 PM iuh.fit.se.group1.config.AppLogger info
INFO: Registered DejaVu Sans Regular font
Apr 21, 2026 10:04:09 PM iuh.fit.se.group1.config.AppLogger info
INFO: Registered DejaVu Sans Bold font
Apr 21, 2026 10:09:26 PM iuh.fit.se.group1.config.AppLogger info
INFO: Attempting login - Username: '{}'
Apr 21, 2026 10:09:26 PM iuh.fit.se.group1.config.AppLogger info
INFO: LOGIN SUCCESS: '{}'
Apr 21, 2026 10:09:27 PM iuh.fit.se.group1.config.AppLogger info
INFO: Registered DejaVu Sans Regular font
Apr 21, 2026 10:09:27 PM iuh.fit.se.group1.config.AppLogger info
INFO: Registered DejaVu Sans Bold font
Apr 21, 2026 10:17:04 PM iuh.fit.se.group1.config.AppLogger info
INFO: Attempting login - Username: '{}'
Apr 21, 2026 10:17:05 PM iuh.fit.se.group1.config.AppLogger info
INFO: LOGIN SUCCESS: '{}'
Apr 21, 2026 10:17:05 PM iuh.fit.se.group1.config.AppLogger info
INFO: Registered DejaVu Sans Regular font
Apr 21, 2026 10:17:05 PM iuh.fit.se.group1.config.AppLogger info
INFO: Registered DejaVu Sans Bold font
Apr 21, 2026 10:17:42 PM iuh.fit.se.group1.config.AppLogger info
INFO: Order created successfully with order details
Apr 21, 2026 10:32:06 PM iuh.fit.se.group1.config.AppLogger info
INFO: Attempting login - Username: '{}'
Apr 21, 2026 10:32:06 PM iuh.fit.se.group1.config.AppLogger info
INFO: LOGIN SUCCESS: '{}'
Apr 21, 2026 10:32:07 PM iuh.fit.se.group1.config.AppLogger info
INFO: Registered DejaVu Sans Regular font
Apr 21, 2026 10:32:07 PM iuh.fit.se.group1.config.AppLogger info
INFO: Registered DejaVu Sans Bold font
Apr 21, 2026 10:44:41 PM iuh.fit.se.group1.config.AppLogger info
INFO: Attempting login - Username: '{}'
Apr 21, 2026 10:51:36 PM iuh.fit.se.group1.config.AppLogger info
INFO: Attempting login - Username: '{}'
Apr 21, 2026 11:01:19 PM iuh.fit.se.group1.config.AppLogger info
INFO: Attempting login - Username: '{}'
Apr 21, 2026 11:01:19 PM iuh.fit.se.group1.config.AppLogger info
INFO: LOGIN SUCCESS: '{}'
Apr 21, 2026 11:01:20 PM iuh.fit.se.group1.config.AppLogger info
INFO: Registered DejaVu Sans Regular font
Apr 21, 2026 11:01:20 PM iuh.fit.se.group1.config.AppLogger info
INFO: Registered DejaVu Sans Bold font
Apr 21, 2026 11:04:59 PM iuh.fit.se.group1.config.AppLogger info
INFO: Attempting login - Username: '{}'
Apr 21, 2026 11:04:59 PM iuh.fit.se.group1.config.AppLogger info
INFO: LOGIN SUCCESS: '{}'
Apr 21, 2026 11:04:59 PM iuh.fit.se.group1.config.AppLogger info
INFO: Registered DejaVu Sans Regular font
Apr 21, 2026 11:04:59 PM iuh.fit.se.group1.config.AppLogger info
INFO: Registered DejaVu Sans Bold font
Apr 21, 2026 11:07:35 PM iuh.fit.se.group1.config.AppLogger info
INFO: Attempting login - Username: '{}'
Apr 21, 2026 11:07:35 PM iuh.fit.se.group1.config.AppLogger info
INFO: LOGIN SUCCESS: '{}'
Apr 21, 2026 11:07:35 PM iuh.fit.se.group1.config.AppLogger info
INFO: Registered DejaVu Sans Regular font
Apr 21, 2026 11:07:35 PM iuh.fit.se.group1.config.AppLogger info
INFO: Registered DejaVu Sans Bold font
Apr 21, 2026 11:10:50 PM iuh.fit.se.group1.config.AppLogger info
INFO: Attempting login - Username: '{}'
Apr 21, 2026 11:10:50 PM iuh.fit.se.group1.config.AppLogger info
INFO: LOGIN SUCCESS: '{}'
Apr 21, 2026 11:10:50 PM iuh.fit.se.group1.config.AppLogger info
INFO: Registered DejaVu Sans Regular font
Apr 21, 2026 11:10:50 PM iuh.fit.se.group1.config.AppLogger info
INFO: Registered DejaVu Sans Bold font
Apr 21, 2026 11:13:52 PM iuh.fit.se.group1.config.AppLogger info
INFO: Attempting login - Username: '{}'
Apr 21, 2026 11:13:52 PM iuh.fit.se.group1.config.AppLogger info
INFO: LOGIN SUCCESS: '{}'
Apr 21, 2026 11:13:52 PM iuh.fit.se.group1.config.AppLogger info
INFO: Registered DejaVu Sans Regular font
Apr 21, 2026 11:13:52 PM iuh.fit.se.group1.config.AppLogger info
INFO: Registered DejaVu Sans Bold font
Apr 21, 2026 11:14:42 PM iuh.fit.se.group1.config.AppLogger info
INFO: Order created successfully with order details
Apr 21, 2026 11:16:40 PM iuh.fit.se.group1.config.AppLogger info
INFO: Attempting login - Username: '{}'
Apr 21, 2026 11:16:40 PM iuh.fit.se.group1.config.AppLogger info
INFO: LOGIN SUCCESS: '{}'
Apr 21, 2026 11:16:41 PM iuh.fit.se.group1.config.AppLogger info
INFO: Registered DejaVu Sans Regular font
Apr 21, 2026 11:16:41 PM iuh.fit.se.group1.config.AppLogger info
INFO: Registered DejaVu Sans Bold font
Apr 21, 2026 11:16:57 PM iuh.fit.se.group1.config.AppLogger info
INFO: Invoice exported successfully to: {}
Apr 21, 2026 11:19:45 PM iuh.fit.se.group1.config.AppLogger info
INFO: Attempting login - Username: '{}'
Apr 21, 2026 11:19:45 PM iuh.fit.se.group1.config.AppLogger info
INFO: LOGIN SUCCESS: '{}'
Apr 21, 2026 11:19:45 PM iuh.fit.se.group1.config.AppLogger info
INFO: Registered DejaVu Sans Regular font
Apr 21, 2026 11:19:45 PM iuh.fit.se.group1.config.AppLogger info
INFO: Registered DejaVu Sans Bold font
Apr 21, 2026 11:20:03 PM iuh.fit.se.group1.config.AppLogger info
INFO: Order created successfully with order details
Apr 21, 2026 11:20:25 PM iuh.fit.se.group1.config.AppLogger info
INFO: Invoice exported successfully to: {}
Apr 24, 2026 8:44:12 AM iuh.fit.se.group1.config.AppLogger info
INFO: Attempting login - Username: '{}'
Apr 24, 2026 8:44:12 AM iuh.fit.se.group1.config.AppLogger info
INFO: LOGIN SUCCESS: '{}'
Apr 24, 2026 8:44:13 AM iuh.fit.se.group1.config.AppLogger info
INFO: Registered DejaVu Sans Regular font
Apr 24, 2026 8:44:13 AM iuh.fit.se.group1.config.AppLogger info
INFO: Registered DejaVu Sans Bold font
Apr 24, 2026 8:48:08 AM iuh.fit.se.group1.config.AppLogger info
INFO: Attempting login - Username: '{}'
Apr 24, 2026 8:48:08 AM iuh.fit.se.group1.config.AppLogger info
INFO: LOGIN SUCCESS: '{}'
Apr 24, 2026 8:48:10 AM iuh.fit.se.group1.config.AppLogger info
INFO: Registered DejaVu Sans Regular font
Apr 24, 2026 8:48:10 AM iuh.fit.se.group1.config.AppLogger info
INFO: Registered DejaVu Sans Bold font
Apr 24, 2026 8:48:45 AM iuh.fit.se.group1.config.AppLogger info
INFO: Invoice exported successfully to: {}
Apr 24, 2026 8:55:05 AM iuh.fit.se.group1.config.AppLogger info
INFO: Attempting login - Username: '{}'
Apr 24, 2026 8:55:05 AM iuh.fit.se.group1.config.AppLogger info
INFO: LOGIN SUCCESS: '{}'
Apr 24, 2026 8:55:08 AM iuh.fit.se.group1.config.AppLogger info
INFO: Registered DejaVu Sans Regular font
Apr 24, 2026 8:55:08 AM iuh.fit.se.group1.config.AppLogger info
INFO: Registered DejaVu Sans Bold font
Apr 24, 2026 9:08:48 AM iuh.fit.se.group1.config.AppLogger info
INFO: Attempting login - Username: '{}'
Apr 24, 2026 9:08:48 AM iuh.fit.se.group1.config.AppLogger info
INFO: LOGIN SUCCESS: '{}'
Apr 24, 2026 9:08:48 AM iuh.fit.se.group1.config.AppLogger info
INFO: Registered DejaVu Sans Regular font
Apr 24, 2026 9:08:48 AM iuh.fit.se.group1.config.AppLogger info
INFO: Registered DejaVu Sans Bold font
Apr 24, 2026 9:13:52 AM iuh.fit.se.group1.config.AppLogger info
INFO: Attempting login - Username: '{}'
Apr 24, 2026 9:13:52 AM iuh.fit.se.group1.config.AppLogger info
INFO: LOGIN SUCCESS: '{}'
Apr 24, 2026 9:13:53 AM iuh.fit.se.group1.config.AppLogger info
INFO: Registered DejaVu Sans Regular font
Apr 24, 2026 9:13:53 AM iuh.fit.se.group1.config.AppLogger info
INFO: Registered DejaVu Sans Bold font
Apr 24, 2026 9:15:14 AM iuh.fit.se.group1.config.AppLogger info
INFO: Attempting login - Username: '{}'
Apr 24, 2026 9:15:14 AM iuh.fit.se.group1.config.AppLogger info
INFO: LOGIN SUCCESS: '{}'
Apr 24, 2026 9:15:15 AM iuh.fit.se.group1.config.AppLogger info
INFO: Registered DejaVu Sans Regular font
Apr 24, 2026 9:15:15 AM iuh.fit.se.group1.config.AppLogger info
INFO: Registered DejaVu Sans Bold font
Apr 24, 2026 9:19:47 AM iuh.fit.se.group1.config.AppLogger info
INFO: Attempting login - Username: '{}'
Apr 24, 2026 9:19:47 AM iuh.fit.se.group1.config.AppLogger info
INFO: LOGIN SUCCESS: '{}'
Apr 24, 2026 9:19:48 AM iuh.fit.se.group1.config.AppLogger info
INFO: Registered DejaVu Sans Regular font
Apr 24, 2026 9:19:48 AM iuh.fit.se.group1.config.AppLogger info
INFO: Registered DejaVu Sans Bold font
Apr 24, 2026 9:20:08 AM iuh.fit.se.group1.config.AppLogger info
INFO: Attempting login - Username: '{}'
Apr 24, 2026 9:20:08 AM iuh.fit.se.group1.config.AppLogger info
INFO: LOGIN SUCCESS: '{}'
Apr 24, 2026 9:27:53 AM iuh.fit.se.group1.config.AppLogger info
INFO: Attempting login - Username: '{}'
Apr 24, 2026 9:27:53 AM iuh.fit.se.group1.config.AppLogger info
INFO: LOGIN SUCCESS: '{}'
Apr 24, 2026 9:27:53 AM iuh.fit.se.group1.config.AppLogger info
INFO: Registered DejaVu Sans Regular font
Apr 24, 2026 9:27:53 AM iuh.fit.se.group1.config.AppLogger info
INFO: Registered DejaVu Sans Bold font
Apr 24, 2026 9:35:59 AM iuh.fit.se.group1.config.AppLogger info
INFO: Attempting login - Username: '{}'
Apr 24, 2026 9:35:59 AM iuh.fit.se.group1.config.AppLogger info
INFO: LOGIN SUCCESS: '{}'
Apr 24, 2026 9:36:00 AM iuh.fit.se.group1.config.AppLogger info
INFO: Registered DejaVu Sans Regular font
Apr 24, 2026 9:36:00 AM iuh.fit.se.group1.config.AppLogger info
INFO: Registered DejaVu Sans Bold font
Apr 24, 2026 9:38:59 AM iuh.fit.se.group1.config.AppLogger info
INFO: Attempting login - Username: '{}'
Apr 24, 2026 9:38:59 AM iuh.fit.se.group1.config.AppLogger info
INFO: LOGIN SUCCESS: '{}'
Apr 24, 2026 9:39:00 AM iuh.fit.se.group1.config.AppLogger info
INFO: Registered DejaVu Sans Regular font
Apr 24, 2026 9:39:00 AM iuh.fit.se.group1.config.AppLogger info
INFO: Registered DejaVu Sans Bold font
Apr 24, 2026 9:43:16 AM iuh.fit.se.group1.config.AppLogger info
INFO: Attempting login - Username: '{}'
Apr 24, 2026 9:43:16 AM iuh.fit.se.group1.config.AppLogger info
INFO: LOGIN SUCCESS: '{}'
Apr 24, 2026 9:43:17 AM iuh.fit.se.group1.config.AppLogger info
INFO: Registered DejaVu Sans Regular font
Apr 24, 2026 9:43:17 AM iuh.fit.se.group1.config.AppLogger info
INFO: Registered DejaVu Sans Bold font
Apr 24, 2026 9:50:11 AM iuh.fit.se.group1.config.AppLogger info
INFO: Attempting login - Username: '{}'
Apr 24, 2026 9:50:11 AM iuh.fit.se.group1.config.AppLogger info
INFO: LOGIN SUCCESS: '{}'
Apr 24, 2026 9:50:11 AM iuh.fit.se.group1.config.AppLogger info
INFO: Registered DejaVu Sans Regular font
Apr 24, 2026 9:50:11 AM iuh.fit.se.group1.config.AppLogger info
INFO: Registered DejaVu Sans Bold font
Apr 24, 2026 10:03:18 AM iuh.fit.se.group1.config.AppLogger info
INFO: Attempting login - Username: '{}'
Apr 24, 2026 10:03:18 AM iuh.fit.se.group1.config.AppLogger info
INFO: LOGIN SUCCESS: '{}'
Apr 24, 2026 10:03:18 AM iuh.fit.se.group1.config.AppLogger info
INFO: Registered DejaVu Sans Regular font
Apr 24, 2026 10:03:18 AM iuh.fit.se.group1.config.AppLogger info
INFO: Registered DejaVu Sans Bold font
Apr 24, 2026 10:07:09 AM iuh.fit.se.group1.config.AppLogger info
INFO: Attempting login - Username: '{}'
Apr 24, 2026 10:07:09 AM iuh.fit.se.group1.config.AppLogger info
INFO: LOGIN SUCCESS: '{}'
Apr 24, 2026 10:07:10 AM iuh.fit.se.group1.config.AppLogger info
INFO: Registered DejaVu Sans Regular font
Apr 24, 2026 10:07:10 AM iuh.fit.se.group1.config.AppLogger info
INFO: Registered DejaVu Sans Bold font
Apr 24, 2026 10:09:44 AM iuh.fit.se.group1.config.AppLogger info
INFO: Attempting login - Username: '{}'
Apr 24, 2026 10:09:45 AM iuh.fit.se.group1.config.AppLogger info
INFO: LOGIN SUCCESS: '{}'
Apr 24, 2026 10:09:45 AM iuh.fit.se.group1.config.AppLogger info
INFO: Registered DejaVu Sans Regular font
Apr 24, 2026 10:09:45 AM iuh.fit.se.group1.config.AppLogger info
INFO: Registered DejaVu Sans Bold font
Apr 24, 2026 10:15:16 AM iuh.fit.se.group1.config.AppLogger info
INFO: Invoice exported successfully to: {}
Apr 24, 2026 10:18:35 AM iuh.fit.se.group1.config.AppLogger info
INFO: Invoice exported successfully to: {}
Apr 24, 2026 10:20:57 AM iuh.fit.se.group1.config.AppLogger info
INFO: Attempting login - Username: '{}'
Apr 24, 2026 10:20:57 AM iuh.fit.se.group1.config.AppLogger info
INFO: LOGIN SUCCESS: '{}'
Apr 24, 2026 10:20:58 AM iuh.fit.se.group1.config.AppLogger info
INFO: Registered DejaVu Sans Regular font
Apr 24, 2026 10:20:58 AM iuh.fit.se.group1.config.AppLogger info
INFO: Registered DejaVu Sans Bold font
Apr 24, 2026 10:30:38 AM iuh.fit.se.group1.config.AppLogger info
INFO: Attempting login - Username: '{}'
Apr 24, 2026 10:30:38 AM iuh.fit.se.group1.config.AppLogger info
INFO: LOGIN SUCCESS: '{}'
Apr 24, 2026 10:30:39 AM iuh.fit.se.group1.config.AppLogger info
INFO: Registered DejaVu Sans Regular font
Apr 24, 2026 10:30:39 AM iuh.fit.se.group1.config.AppLogger info
INFO: Registered DejaVu Sans Bold font
Apr 24, 2026 10:33:33 AM iuh.fit.se.group1.config.AppLogger info
INFO: Attempting login - Username: '{}'
Apr 24, 2026 10:33:33 AM iuh.fit.se.group1.config.AppLogger info
INFO: LOGIN SUCCESS: '{}'
Apr 24, 2026 10:33:34 AM iuh.fit.se.group1.config.AppLogger info
INFO: Registered DejaVu Sans Regular font
Apr 24, 2026 10:33:34 AM iuh.fit.se.group1.config.AppLogger info
INFO: Registered DejaVu Sans Bold font
Apr 24, 2026 10:34:49 AM iuh.fit.se.group1.config.AppLogger info
INFO: Invoice exported successfully to: {}
Apr 24, 2026 10:40:26 AM iuh.fit.se.group1.config.AppLogger info
INFO: Attempting login - Username: '{}'
Apr 24, 2026 10:40:26 AM iuh.fit.se.group1.config.AppLogger info
INFO: LOGIN SUCCESS: '{}'
Apr 24, 2026 10:40:27 AM iuh.fit.se.group1.config.AppLogger info
INFO: Registered DejaVu Sans Regular font
Apr 24, 2026 10:40:27 AM iuh.fit.se.group1.config.AppLogger info
INFO: Registered DejaVu Sans Bold font
Apr 24, 2026 10:41:10 AM iuh.fit.se.group1.config.AppLogger info
INFO: Attempting login - Username: '{}'
Apr 24, 2026 10:41:10 AM iuh.fit.se.group1.config.AppLogger info
INFO: LOGIN SUCCESS: '{}'
Apr 24, 2026 10:41:11 AM iuh.fit.se.group1.config.AppLogger info
INFO: Registered DejaVu Sans Regular font
Apr 24, 2026 10:41:11 AM iuh.fit.se.group1.config.AppLogger info
INFO: Registered DejaVu Sans Bold font
Apr 24, 2026 10:44:58 AM iuh.fit.se.group1.config.AppLogger info
INFO: Attempting login - Username: '{}'
Apr 24, 2026 10:44:58 AM iuh.fit.se.group1.config.AppLogger info
INFO: LOGIN SUCCESS: '{}'
Apr 24, 2026 10:44:59 AM iuh.fit.se.group1.config.AppLogger info
INFO: Registered DejaVu Sans Regular font
Apr 24, 2026 10:44:59 AM iuh.fit.se.group1.config.AppLogger info
INFO: Registered DejaVu Sans Bold font
Apr 24, 2026 10:49:13 AM iuh.fit.se.group1.config.AppLogger info
INFO: Attempting login - Username: '{}'
Apr 24, 2026 10:49:13 AM iuh.fit.se.group1.config.AppLogger info
INFO: LOGIN SUCCESS: '{}'
Apr 24, 2026 10:49:14 AM iuh.fit.se.group1.config.AppLogger info
INFO: Registered DejaVu Sans Regular font
Apr 24, 2026 10:49:14 AM iuh.fit.se.group1.config.AppLogger info
INFO: Registered DejaVu Sans Bold font
Apr 24, 2026 11:00:34 AM iuh.fit.se.group1.config.AppLogger info
INFO: Attempting login - Username: '{}'
Apr 24, 2026 11:00:34 AM iuh.fit.se.group1.config.AppLogger info
INFO: LOGIN SUCCESS: '{}'
Apr 24, 2026 11:00:34 AM iuh.fit.se.group1.config.AppLogger info
INFO: Registered DejaVu Sans Regular font
Apr 24, 2026 11:00:34 AM iuh.fit.se.group1.config.AppLogger info
INFO: Registered DejaVu Sans Bold font
Apr 24, 2026 8:42:56 PM iuh.fit.se.group1.config.AppLogger info
INFO: Attempting login - Username: '{}'
Apr 24, 2026 8:42:57 PM iuh.fit.se.group1.config.AppLogger info
INFO: LOGIN SUCCESS: '{}'
Apr 24, 2026 8:43:01 PM iuh.fit.se.group1.config.AppLogger info
INFO: Registered DejaVu Sans Regular font
Apr 24, 2026 8:43:01 PM iuh.fit.se.group1.config.AppLogger info
INFO: Registered DejaVu Sans Bold font
Apr 24, 2026 8:45:58 PM iuh.fit.se.group1.config.AppLogger info
INFO: Attempting login - Username: '{}'
Apr 24, 2026 8:45:58 PM iuh.fit.se.group1.config.AppLogger info
INFO: LOGIN SUCCESS: '{}'
Apr 24, 2026 8:46:01 PM iuh.fit.se.group1.config.AppLogger info
INFO: Registered DejaVu Sans Regular font
Apr 24, 2026 8:46:01 PM iuh.fit.se.group1.config.AppLogger info
INFO: Registered DejaVu Sans Bold font
Apr 24, 2026 8:52:19 PM iuh.fit.se.group1.config.AppLogger info
INFO: Attempting login - Username: '{}'
Apr 24, 2026 8:52:19 PM iuh.fit.se.group1.config.AppLogger info
INFO: LOGIN SUCCESS: '{}'
Apr 24, 2026 8:52:20 PM iuh.fit.se.group1.config.AppLogger info
INFO: Registered DejaVu Sans Regular font
Apr 24, 2026 8:52:20 PM iuh.fit.se.group1.config.AppLogger info
INFO: Registered DejaVu Sans Bold font
Apr 24, 2026 9:01:22 PM iuh.fit.se.group1.config.AppLogger info
INFO: Attempting login - Username: '{}'
Apr 24, 2026 9:01:22 PM iuh.fit.se.group1.config.AppLogger info
INFO: LOGIN SUCCESS: '{}'
Apr 24, 2026 9:01:23 PM iuh.fit.se.group1.config.AppLogger info
INFO: Registered DejaVu Sans Regular font
Apr 24, 2026 9:01:23 PM iuh.fit.se.group1.config.AppLogger info
INFO: Registered DejaVu Sans Bold font
Apr 24, 2026 9:08:05 PM iuh.fit.se.group1.config.AppLogger info
INFO: Attempting login - Username: '{}'
Apr 24, 2026 9:08:06 PM iuh.fit.se.group1.config.AppLogger info
INFO: LOGIN SUCCESS: '{}'
Apr 24, 2026 9:08:07 PM iuh.fit.se.group1.config.AppLogger info
INFO: Registered DejaVu Sans Regular font
Apr 24, 2026 9:08:07 PM iuh.fit.se.group1.config.AppLogger info
INFO: Registered DejaVu Sans Bold font
Apr 25, 2026 1:21:33 PM iuh.fit.se.group1.config.AppLogger info
INFO: Attempting login - Username: '{}'
Apr 25, 2026 1:21:33 PM iuh.fit.se.group1.config.AppLogger info
INFO: LOGIN SUCCESS: '{}'
Apr 25, 2026 1:21:35 PM iuh.fit.se.group1.config.AppLogger info
INFO: Registered DejaVu Sans Regular font
Apr 25, 2026 1:21:35 PM iuh.fit.se.group1.config.AppLogger info
INFO: Registered DejaVu Sans Bold font
Apr 25, 2026 1:23:50 PM iuh.fit.se.group1.config.AppLogger info
INFO: Attempting login - Username: '{}'
Apr 25, 2026 1:23:50 PM iuh.fit.se.group1.config.AppLogger info
INFO: LOGIN SUCCESS: '{}'
Apr 25, 2026 1:23:52 PM iuh.fit.se.group1.config.AppLogger info
INFO: Registered DejaVu Sans Regular font
Apr 25, 2026 1:23:52 PM iuh.fit.se.group1.config.AppLogger info
INFO: Registered DejaVu Sans Bold font
Apr 25, 2026 1:25:24 PM iuh.fit.se.group1.config.AppLogger info
INFO: Attempting login - Username: '{}'
Apr 25, 2026 1:25:24 PM iuh.fit.se.group1.config.AppLogger info
INFO: LOGIN SUCCESS: '{}'
Apr 25, 2026 1:25:26 PM iuh.fit.se.group1.config.AppLogger info
INFO: Registered DejaVu Sans Regular font
Apr 25, 2026 1:25:26 PM iuh.fit.se.group1.config.AppLogger info
INFO: Registered DejaVu Sans Bold font
Apr 25, 2026 1:28:44 PM iuh.fit.se.group1.config.AppLogger info
INFO: Attempting login - Username: '{}'
Apr 25, 2026 1:28:45 PM iuh.fit.se.group1.config.AppLogger info
INFO: LOGIN SUCCESS: '{}'
Apr 25, 2026 1:28:46 PM iuh.fit.se.group1.config.AppLogger info
INFO: Registered DejaVu Sans Regular font
Apr 25, 2026 1:28:46 PM iuh.fit.se.group1.config.AppLogger info
INFO: Registered DejaVu Sans Bold font
Apr 25, 2026 1:30:20 PM iuh.fit.se.group1.config.AppLogger info
INFO: Attempting login - Username: '{}'
Apr 25, 2026 1:30:20 PM iuh.fit.se.group1.config.AppLogger info
INFO: LOGIN SUCCESS: '{}'
Apr 25, 2026 1:30:21 PM iuh.fit.se.group1.config.AppLogger info
INFO: Registered DejaVu Sans Regular font
Apr 25, 2026 1:30:21 PM iuh.fit.se.group1.config.AppLogger info
INFO: Registered DejaVu Sans Bold font
Apr 25, 2026 1:30:59 PM iuh.fit.se.group1.config.AppLogger info
INFO: Invoice exported successfully to: {}
Apr 25, 2026 1:32:58 PM iuh.fit.se.group1.config.AppLogger info
INFO: Attempting login - Username: '{}'
Apr 25, 2026 1:32:58 PM iuh.fit.se.group1.config.AppLogger info
INFO: LOGIN SUCCESS: '{}'
Apr 25, 2026 1:33:01 PM iuh.fit.se.group1.config.AppLogger info
INFO: Registered DejaVu Sans Regular font
Apr 25, 2026 1:33:01 PM iuh.fit.se.group1.config.AppLogger info
INFO: Registered DejaVu Sans Bold font
Apr 25, 2026 1:34:10 PM iuh.fit.se.group1.config.AppLogger info
INFO: Attempting login - Username: '{}'
Apr 25, 2026 1:34:11 PM iuh.fit.se.group1.config.AppLogger info
INFO: LOGIN SUCCESS: '{}'
Apr 25, 2026 1:34:13 PM iuh.fit.se.group1.config.AppLogger info
INFO: Registered DejaVu Sans Regular font
Apr 25, 2026 1:34:13 PM iuh.fit.se.group1.config.AppLogger info
INFO: Registered DejaVu Sans Bold font
Apr 25, 2026 1:34:53 PM iuh.fit.se.group1.config.AppLogger info
INFO: Attempting login - Username: '{}'
Apr 25, 2026 1:34:54 PM iuh.fit.se.group1.config.AppLogger info
INFO: LOGIN SUCCESS: '{}'
Apr 25, 2026 1:34:58 PM iuh.fit.se.group1.config.AppLogger info
INFO: Registered DejaVu Sans Regular font
Apr 25, 2026 1:34:58 PM iuh.fit.se.group1.config.AppLogger info
INFO: Registered DejaVu Sans Bold font
Apr 25, 2026 3:14:23 PM iuh.fit.se.group1.config.AppLogger info
INFO: Attempting login - Username: '{}'
Apr 25, 2026 3:14:23 PM iuh.fit.se.group1.config.AppLogger info
INFO: LOGIN SUCCESS: '{}'
Apr 25, 2026 3:14:24 PM iuh.fit.se.group1.config.AppLogger info
INFO: Registered DejaVu Sans Regular font
Apr 25, 2026 3:14:24 PM iuh.fit.se.group1.config.AppLogger info
INFO: Registered DejaVu Sans Bold font
Apr 25, 2026 10:31:56 PM iuh.fit.se.group1.config.AppLogger info
INFO: Attempting login - Username: '{}'
Apr 25, 2026 10:31:56 PM iuh.fit.se.group1.config.AppLogger info
INFO: LOGIN SUCCESS: '{}'
Apr 25, 2026 10:32:02 PM iuh.fit.se.group1.config.AppLogger info
INFO: Attempting login - Username: '{}'
Apr 25, 2026 10:32:02 PM iuh.fit.se.group1.config.AppLogger info
INFO: LOGIN SUCCESS: '{}'
Apr 25, 2026 10:32:07 PM iuh.fit.se.group1.config.AppLogger info
INFO: Attempting login - Username: '{}'
Apr 25, 2026 10:32:07 PM iuh.fit.se.group1.config.AppLogger info
INFO: LOGIN SUCCESS: '{}'
Apr 25, 2026 10:32:07 PM iuh.fit.se.group1.config.AppLogger info
INFO: Attempting login - Username: '{}'
Apr 25, 2026 10:32:07 PM iuh.fit.se.group1.config.AppLogger info
INFO: LOGIN SUCCESS: '{}'
Apr 25, 2026 10:32:07 PM iuh.fit.se.group1.config.AppLogger info
INFO: Attempting login - Username: '{}'
Apr 25, 2026 10:32:07 PM iuh.fit.se.group1.config.AppLogger info
INFO: LOGIN SUCCESS: '{}'
Apr 25, 2026 10:48:47 PM iuh.fit.se.group1.config.AppLogger info
INFO: Attempting login - Username: '{}'
Apr 25, 2026 10:48:47 PM iuh.fit.se.group1.config.AppLogger info
INFO: LOGIN SUCCESS: '{}'
Apr 25, 2026 10:48:48 PM iuh.fit.se.group1.config.AppLogger info
INFO: Registered DejaVu Sans Regular font
Apr 25, 2026 10:48:48 PM iuh.fit.se.group1.config.AppLogger info
INFO: Registered DejaVu Sans Bold font
Apr 25, 2026 10:53:15 PM iuh.fit.se.group1.config.AppLogger info
INFO: Attempting login - Username: '{}'
Apr 25, 2026 10:53:15 PM iuh.fit.se.group1.config.AppLogger info
INFO: LOGIN SUCCESS: '{}'
Apr 25, 2026 10:53:16 PM iuh.fit.se.group1.config.AppLogger info
INFO: Registered DejaVu Sans Regular font
Apr 25, 2026 10:53:16 PM iuh.fit.se.group1.config.AppLogger info
INFO: Registered DejaVu Sans Bold font
Apr 25, 2026 11:09:13 PM iuh.fit.se.group1.config.AppLogger info
INFO: Attempting login - Username: '{}'
Apr 25, 2026 11:09:13 PM iuh.fit.se.group1.config.AppLogger info
INFO: LOGIN SUCCESS: '{}'
Apr 25, 2026 11:09:14 PM iuh.fit.se.group1.config.AppLogger info
INFO: Registered DejaVu Sans Regular font
Apr 25, 2026 11:09:14 PM iuh.fit.se.group1.config.AppLogger info
INFO: Registered DejaVu Sans Bold font
Apr 25, 2026 11:13:06 PM iuh.fit.se.group1.config.AppLogger info
INFO: Attempting login - Username: '{}'
Apr 25, 2026 11:13:06 PM iuh.fit.se.group1.config.AppLogger info
INFO: LOGIN SUCCESS: '{}'
Apr 25, 2026 11:13:06 PM iuh.fit.se.group1.config.AppLogger info
INFO: Registered DejaVu Sans Regular font
Apr 25, 2026 11:13:06 PM iuh.fit.se.group1.config.AppLogger info
INFO: Registered DejaVu Sans Bold font
Apr 25, 2026 11:17:26 PM iuh.fit.se.group1.config.AppLogger info
INFO: Attempting login - Username: '{}'
Apr 25, 2026 11:17:26 PM iuh.fit.se.group1.config.AppLogger info
INFO: LOGIN SUCCESS: '{}'
Apr 25, 2026 11:17:27 PM iuh.fit.se.group1.config.AppLogger info
INFO: Registered DejaVu Sans Regular font
Apr 25, 2026 11:17:27 PM iuh.fit.se.group1.config.AppLogger info
INFO: Registered DejaVu Sans Bold font
Apr 25, 2026 11:20:39 PM iuh.fit.se.group1.config.AppLogger info
INFO: Attempting login - Username: '{}'
Apr 25, 2026 11:20:39 PM iuh.fit.se.group1.config.AppLogger info
INFO: LOGIN SUCCESS: '{}'
Apr 25, 2026 11:20:40 PM iuh.fit.se.group1.config.AppLogger info
INFO: Registered DejaVu Sans Regular font
Apr 25, 2026 11:20:40 PM iuh.fit.se.group1.config.AppLogger info
INFO: Registered DejaVu Sans Bold font
Apr 25, 2026 11:26:51 PM iuh.fit.se.group1.config.AppLogger info
INFO: Attempting login - Username: '{}'
Apr 25, 2026 11:26:52 PM iuh.fit.se.group1.config.AppLogger info
INFO: LOGIN SUCCESS: '{}'
Apr 25, 2026 11:26:52 PM iuh.fit.se.group1.config.AppLogger info
INFO: Registered DejaVu Sans Regular font
Apr 25, 2026 11:26:52 PM iuh.fit.se.group1.config.AppLogger info
INFO: Registered DejaVu Sans Bold font
Apr 25, 2026 11:36:34 PM iuh.fit.se.group1.config.AppLogger info
INFO: Attempting login - Username: '{}'
Apr 25, 2026 11:36:34 PM iuh.fit.se.group1.config.AppLogger info
INFO: LOGIN SUCCESS: '{}'
Apr 25, 2026 11:36:35 PM iuh.fit.se.group1.config.AppLogger info
INFO: Registered DejaVu Sans Regular font
Apr 25, 2026 11:36:35 PM iuh.fit.se.group1.config.AppLogger info
INFO: Registered DejaVu Sans Bold font
Apr 25, 2026 11:41:29 PM iuh.fit.se.group1.config.AppLogger info
INFO: Attempting login - Username: '{}'
Apr 25, 2026 11:41:29 PM iuh.fit.se.group1.config.AppLogger info
INFO: LOGIN SUCCESS: '{}'
Apr 25, 2026 11:41:30 PM iuh.fit.se.group1.config.AppLogger info
INFO: Registered DejaVu Sans Regular font
Apr 25, 2026 11:41:30 PM iuh.fit.se.group1.config.AppLogger info
INFO: Registered DejaVu Sans Bold font
Apr 25, 2026 11:42:12 PM iuh.fit.se.group1.config.AppLogger info
INFO: Invoice exported successfully to: {}
Apr 25, 2026 11:47:38 PM iuh.fit.se.group1.config.AppLogger info
INFO: Invoice exported successfully to: {}
Apr 25, 2026 11:47:44 PM iuh.fit.se.group1.config.AppLogger info
INFO: Invoice exported successfully to: {}
Apr 26, 2026 8:22:49 AM iuh.fit.se.group1.config.AppLogger info
INFO: Attempting login - Username: '{}'
Apr 26, 2026 8:22:50 AM iuh.fit.se.group1.config.AppLogger info
INFO: LOGIN SUCCESS: '{}'
Apr 26, 2026 8:22:51 AM iuh.fit.se.group1.config.AppLogger info
INFO: Registered DejaVu Sans Regular font
Apr 26, 2026 8:22:51 AM iuh.fit.se.group1.config.AppLogger info
INFO: Registered DejaVu Sans Bold font
Apr 26, 2026 8:25:47 AM iuh.fit.se.group1.config.AppLogger info
INFO: Attempting login - Username: '{}'
Apr 26, 2026 8:27:01 AM iuh.fit.se.group1.config.AppLogger info
INFO: Attempting login - Username: '{}'
Apr 26, 2026 8:27:01 AM iuh.fit.se.group1.config.AppLogger info
INFO: LOGIN SUCCESS: '{}'
Apr 26, 2026 8:27:03 AM iuh.fit.se.group1.config.AppLogger info
INFO: Registered DejaVu Sans Regular font
Apr 26, 2026 8:27:03 AM iuh.fit.se.group1.config.AppLogger info
INFO: Registered DejaVu Sans Bold font
Apr 26, 2026 8:41:21 AM iuh.fit.se.group1.config.AppLogger info
INFO: Attempting login - Username: '{}'
Apr 26, 2026 8:41:21 AM iuh.fit.se.group1.config.AppLogger info
INFO: LOGIN SUCCESS: '{}'
Apr 26, 2026 8:41:24 AM iuh.fit.se.group1.config.AppLogger info
INFO: Registered DejaVu Sans Regular font
Apr 26, 2026 8:41:24 AM iuh.fit.se.group1.config.AppLogger info
INFO: Registered DejaVu Sans Bold font
Apr 26, 2026 8:51:01 AM iuh.fit.se.group1.config.AppLogger info
INFO: Invoice exported successfully to: {}
Apr 26, 2026 9:28:03 AM iuh.fit.se.group1.config.AppLogger info
INFO: Attempting login - Username: '{}'
Apr 26, 2026 9:28:03 AM iuh.fit.se.group1.config.AppLogger info
INFO: LOGIN SUCCESS: '{}'
Apr 26, 2026 9:28:05 AM iuh.fit.se.group1.config.AppLogger info
INFO: Registered DejaVu Sans Regular font
Apr 26, 2026 9:28:05 AM iuh.fit.se.group1.config.AppLogger info
INFO: Registered DejaVu Sans Bold font
Apr 26, 2026 7:12:39 PM iuh.fit.se.group1.config.AppLogger info
INFO: Attempting login - Username: '{}'
Apr 26, 2026 7:14:00 PM iuh.fit.se.group1.config.AppLogger info
INFO: Attempting login - Username: '{}'
Apr 26, 2026 7:14:07 PM iuh.fit.se.group1.config.AppLogger info
INFO: LOGIN SUCCESS: '{}'
Apr 26, 2026 7:17:08 PM iuh.fit.se.group1.config.AppLogger info
INFO: Attempting login - Username: '{}'
Apr 26, 2026 7:17:15 PM iuh.fit.se.group1.config.AppLogger info
INFO: LOGIN SUCCESS: '{}'
Apr 26, 2026 7:18:29 PM iuh.fit.se.group1.config.AppLogger info
INFO: Attempting login - Username: '{}'
Apr 26, 2026 7:18:36 PM iuh.fit.se.group1.config.AppLogger info
INFO: LOGIN SUCCESS: '{}'
Apr 26, 2026 8:33:50 PM iuh.fit.se.group1.config.AppLogger info
INFO: Attempting login - Username: '{}'
Apr 26, 2026 8:33:51 PM iuh.fit.se.group1.config.AppLogger info
INFO: LOGIN SUCCESS: '{}'
Apr 26, 2026 8:33:51 PM iuh.fit.se.group1.config.AppLogger info
INFO: Registered DejaVu Sans Regular font
Apr 26, 2026 8:33:51 PM iuh.fit.se.group1.config.AppLogger info
INFO: Registered DejaVu Sans Bold font
Apr 26, 2026 8:44:27 PM iuh.fit.se.group1.config.AppLogger info
INFO: Attempting login - Username: '{}'
Apr 26, 2026 8:44:30 PM iuh.fit.se.group1.config.AppLogger info
INFO: LOGIN SUCCESS: '{}'
Apr 26, 2026 8:51:50 PM iuh.fit.se.group1.config.AppLogger info
INFO: Attempting login - Username: '{}'
Apr 26, 2026 8:51:55 PM iuh.fit.se.group1.config.AppLogger info
INFO: LOGIN SUCCESS: '{}'
Apr 26, 2026 9:02:29 PM iuh.fit.se.group1.config.AppLogger info
INFO: Attempting login - Username: '{}'
Apr 26, 2026 9:02:33 PM iuh.fit.se.group1.config.AppLogger info
INFO: LOGIN SUCCESS: '{}'
Apr 26, 2026 9:09:15 PM iuh.fit.se.group1.config.AppLogger info
INFO: Attempting login - Username: '{}'
Apr 26, 2026 9:09:19 PM iuh.fit.se.group1.config.AppLogger info
INFO: LOGIN SUCCESS: '{}'
Apr 26, 2026 9:22:55 PM iuh.fit.se.group1.config.AppLogger info
INFO: Attempting login - Username: '{}'
Apr 26, 2026 9:22:59 PM iuh.fit.se.group1.config.AppLogger info
INFO: LOGIN SUCCESS: '{}'
Apr 26, 2026 9:34:42 PM iuh.fit.se.group1.config.AppLogger info
INFO: Attempting login - Username: '{}'
Apr 26, 2026 9:34:47 PM iuh.fit.se.group1.config.AppLogger info
INFO: LOGIN SUCCESS: '{}'
Apr 26, 2026 9:36:14 PM iuh.fit.se.group1.config.AppLogger info
INFO: Attempting login - Username: '{}'
Apr 26, 2026 9:36:18 PM iuh.fit.se.group1.config.AppLogger info
INFO: LOGIN SUCCESS: '{}'
Apr 26, 2026 9:56:38 PM iuh.fit.se.group1.config.AppLogger info
INFO: Attempting login - Username: '{}'
Apr 26, 2026 9:56:45 PM iuh.fit.se.group1.config.AppLogger info
INFO: LOGIN SUCCESS: '{}'
Apr 26, 2026 10:01:47 PM iuh.fit.se.group1.config.AppLogger info
INFO: Attempting login - Username: '{}'
Apr 26, 2026 10:01:50 PM iuh.fit.se.group1.config.AppLogger info
INFO: LOGIN SUCCESS: '{}'
Apr 26, 2026 10:02:56 PM iuh.fit.se.group1.config.AppLogger info
INFO: Attempting login - Username: '{}'
Apr 26, 2026 10:03:00 PM iuh.fit.se.group1.config.AppLogger info
INFO: LOGIN SUCCESS: '{}'
Apr 26, 2026 10:21:56 PM iuh.fit.se.group1.config.AppLogger info
INFO: Attempting login - Username: '{}'
Apr 26, 2026 10:22:00 PM iuh.fit.se.group1.config.AppLogger info
INFO: LOGIN SUCCESS: '{}'
Apr 26, 2026 10:24:54 PM iuh.fit.se.group1.config.AppLogger info
INFO: Attempting login - Username: '{}'
Apr 26, 2026 10:24:57 PM iuh.fit.se.group1.config.AppLogger info
INFO: LOGIN SUCCESS: '{}'
Apr 26, 2026 10:25:54 PM iuh.fit.se.group1.config.AppLogger info
INFO: Attempting login - Username: '{}'
Apr 26, 2026 10:25:58 PM iuh.fit.se.group1.config.AppLogger info
INFO: LOGIN SUCCESS: '{}'
Apr 26, 2026 10:26:21 PM iuh.fit.se.group1.config.AppLogger info
INFO: Attempting login - Username: '{}'
Apr 26, 2026 10:26:21 PM iuh.fit.se.group1.config.AppLogger info
INFO: LOGIN SUCCESS: '{}'
Apr 26, 2026 10:56:14 PM iuh.fit.se.group1.config.AppLogger info
INFO: Attempting login - Username: '{}'
Apr 26, 2026 10:56:17 PM iuh.fit.se.group1.config.AppLogger info
INFO: LOGIN SUCCESS: '{}'
Apr 27, 2026 7:14:53 AM iuh.fit.se.group1.config.AppLogger info
INFO: Attempting login - Username: '{}'
Apr 27, 2026 7:14:57 AM iuh.fit.se.group1.config.AppLogger info
INFO: LOGIN SUCCESS: '{}'
Apr 27, 2026 7:17:51 AM iuh.fit.se.group1.config.AppLogger info
INFO: Attempting login - Username: '{}'
Apr 27, 2026 7:17:51 AM iuh.fit.se.group1.config.AppLogger info
INFO: LOGIN SUCCESS: '{}'
Apr 27, 2026 7:19:51 AM iuh.fit.se.group1.config.AppLogger info
INFO: Attempting login - Username: '{}'
Apr 27, 2026 7:19:52 AM iuh.fit.se.group1.config.AppLogger info
INFO: LOGIN SUCCESS: '{}'
Apr 27, 2026 10:00:12 AM iuh.fit.se.group1.config.AppLogger info
INFO: Attempting login - Username: '{}'
Apr 27, 2026 10:00:13 AM iuh.fit.se.group1.config.AppLogger info
INFO: LOGIN SUCCESS: '{}'
Apr 27, 2026 10:02:27 AM iuh.fit.se.group1.config.AppLogger info
INFO: Attempting login - Username: '{}'
Apr 27, 2026 10:02:27 AM iuh.fit.se.group1.config.AppLogger info
INFO: LOGIN SUCCESS: '{}'
Apr 27, 2026 10:04:36 AM iuh.fit.se.group1.config.AppLogger info
INFO: Attempting login - Username: '{}'
Apr 27, 2026 10:04:36 AM iuh.fit.se.group1.config.AppLogger info
INFO: LOGIN SUCCESS: '{}'
Apr 27, 2026 11:45:33 AM iuh.fit.se.group1.config.AppLogger info
INFO: Attempting login - Username: '{}'
Apr 27, 2026 11:45:33 AM iuh.fit.se.group1.config.AppLogger info
INFO: LOGIN SUCCESS: '{}'
Apr 27, 2026 2:09:53 PM iuh.fit.se.group1.config.AppLogger info
INFO: Attempting login - Username: '{}'
Apr 27, 2026 2:09:54 PM iuh.fit.se.group1.config.AppLogger info
INFO: LOGIN SUCCESS: '{}'
Apr 27, 2026 2:12:46 PM iuh.fit.se.group1.config.AppLogger info
INFO: Attempting login - Username: '{}'
Apr 27, 2026 2:12:46 PM iuh.fit.se.group1.config.AppLogger info
INFO: LOGIN SUCCESS: '{}'
Apr 27, 2026 2:16:51 PM iuh.fit.se.group1.config.AppLogger info
INFO: Attempting login - Username: '{}'
Apr 27, 2026 2:16:51 PM iuh.fit.se.group1.config.AppLogger info
INFO: LOGIN SUCCESS: '{}'
Apr 27, 2026 2:19:09 PM iuh.fit.se.group1.config.AppLogger info
INFO: Attempting login - Username: '{}'
Apr 27, 2026 2:19:10 PM iuh.fit.se.group1.config.AppLogger info
INFO: LOGIN SUCCESS: '{}'
Apr 27, 2026 2:25:32 PM iuh.fit.se.group1.config.AppLogger info
INFO: Attempting login - Username: '{}'
Apr 27, 2026 2:25:33 PM iuh.fit.se.group1.config.AppLogger info
INFO: LOGIN SUCCESS: '{}'
Apr 27, 2026 2:31:39 PM iuh.fit.se.group1.config.AppLogger info
INFO: Attempting login - Username: '{}'
Apr 27, 2026 2:31:39 PM iuh.fit.se.group1.config.AppLogger info
INFO: LOGIN SUCCESS: '{}'
Apr 28, 2026 10:26:33 AM iuh.fit.se.group1.config.AppLogger info
INFO: Registered DejaVu Sans Regular font
Apr 28, 2026 10:26:33 AM iuh.fit.se.group1.config.AppLogger info
INFO: Registered DejaVu Sans Bold font
